// Jest Snapshot v1, https://goo.gl/fbAQLP

exports[`<WelcomeMessage /> should accept valid regionTag 1`] = `
<section>
  <div
    className="container welcome-text"
  >
    <h2>
      <strong>
        Olá, 
        Foo Bar
      </strong>
    </h2>
    <p>
      O projeto 
      VotaSP
       nasceu com o objetivo de ajudar a população do estado de
       São Paulo
       a escolher seus candidatos. Através de questões objetivas os eleitores podem verificar suas afinidades com os candidatos.
      <br />
      <strong>
        É muito simples e prático!
      </strong>
    </p>
    <Link
      className="btn btn-primary btn-lg"
      replace={false}
      to="/app/questionario/1"
    >
      Começar
    </Link>
  </div>
</section>
`;

exports[`<WelcomeMessage /> should render component without props 1`] = `
<section>
  <div
    className="container welcome-text"
  >
    <h2>
      <strong>
        Olá, 
        Foo Bar
      </strong>
    </h2>
    <p>
      O projeto 
      VotaSP
       nasceu com o objetivo de ajudar a população do estado de
       São Paulo
       a escolher seus candidatos. Através de questões objetivas os eleitores podem verificar suas afinidades com os candidatos.
      <br />
      <strong>
        É muito simples e prático!
      </strong>
    </p>
    <Link
      className="btn btn-primary btn-lg"
      replace={false}
      to="/app/questionario/1"
    >
      Começar
    </Link>
  </div>
</section>
`;

exports[`<WelcomeMessage /> should use sp if invalid regionTag 1`] = `
<section>
  <div
    className="container welcome-text"
  >
    <h2>
      <strong>
        Olá, 
        Foo Bar
      </strong>
    </h2>
    <p>
      O projeto 
      VotaSP
       nasceu com o objetivo de ajudar a população do estado de
       São Paulo
       a escolher seus candidatos. Através de questões objetivas os eleitores podem verificar suas afinidades com os candidatos.
      <br />
      <strong>
        É muito simples e prático!
      </strong>
    </p>
    <Link
      className="btn btn-primary btn-lg"
      replace={false}
      to="/app/questionario/1"
    >
      Começar
    </Link>
  </div>
</section>
`;
